error: `start_fn` attribute can't be specified together with `getter`
 --> tests/integration/ui/compile_fail/attr_getter.rs:5:23
  |
5 |     #[builder(getter, start_fn)]
  |                       ^^^^^^^^

error: `finish_fn` attribute can't be specified together with `getter`
  --> tests/integration/ui/compile_fail/attr_getter.rs:11:23
   |
11 |     #[builder(getter, finish_fn)]
   |                       ^^^^^^^^^

error: `skip` attribute can't be specified together with `getter`
  --> tests/integration/ui/compile_fail/attr_getter.rs:17:23
   |
17 |     #[builder(getter, skip)]
   |                       ^^^^

error: `getter` attribute can't be specified together with `overwritable`
  --> tests/integration/ui/compile_fail/attr_getter.rs:23:15
   |
23 |     #[builder(getter, overwritable)]
   |               ^^^^^^

error[E0277]: the member `Unset<x1>` was not set, but this method requires it to be set
  --> tests/integration/ui/compile_fail/attr_getter.rs:42:13
   |
42 |     builder.get_x1();
   |             ^^^^^^ the member `Unset<x1>` was not set, but this method requires it to be set
   |
   = help: the trait `IsSet` is not implemented for `Unset<x1>`
   = help: the trait `IsSet` is implemented for `Set<Name>`
note: required by a bound in `NegativeTestBuilder::<S>::get_x1`
  --> tests/integration/ui/compile_fail/attr_getter.rs:27:10
   |
27 | #[derive(Builder)]
   |          ^^^^^^^ required by this bound in `NegativeTestBuilder::<S>::get_x1`
...
30 |     x1: u32,
   |     -- required by a bound in this associated function
   = note: this error originates in the derive macro `Builder` (in Nightly builds, run with -Z macro-backtrace for more info)

error[E0277]: the member `Unset<x2>` was not set, but this method requires it to be set
  --> tests/integration/ui/compile_fail/attr_getter.rs:43:13
   |
43 |     builder.get_x2();
   |             ^^^^^^ the member `Unset<x2>` was not set, but this method requires it to be set
   |
   = help: the trait `IsSet` is not implemented for `Unset<x2>`
   = help: the trait `IsSet` is implemented for `Set<Name>`
note: required by a bound in `NegativeTestBuilder::<S>::get_x2`
  --> tests/integration/ui/compile_fail/attr_getter.rs:27:10
   |
27 | #[derive(Builder)]
   |          ^^^^^^^ required by this bound in `NegativeTestBuilder::<S>::get_x2`
...
33 |     x2: u32,
   |     -- required by a bound in this associated function
   = note: this error originates in the derive macro `Builder` (in Nightly builds, run with -Z macro-backtrace for more info)

error[E0277]: the member `Unset<x3>` was not set, but this method requires it to be set
  --> tests/integration/ui/compile_fail/attr_getter.rs:44:13
   |
44 |     builder.get_x3();
   |             ^^^^^^ the member `Unset<x3>` was not set, but this method requires it to be set
   |
   = help: the trait `IsSet` is not implemented for `Unset<x3>`
   = help: the trait `IsSet` is implemented for `Set<Name>`
note: required by a bound in `NegativeTestBuilder::<S>::get_x3`
  --> tests/integration/ui/compile_fail/attr_getter.rs:27:10
   |
27 | #[derive(Builder)]
   |          ^^^^^^^ required by this bound in `NegativeTestBuilder::<S>::get_x3`
...
36 |     x3: Option<u32>
   |     -- required by a bound in this associated function
   = note: this error originates in the derive macro `Builder` (in Nightly builds, run with -Z macro-backtrace for more info)
